
> ways@0.0.0 storybook /Users/ariebonan/Desktop/alpha_wolf/web-sdk/apps/ways
> PUBLIC_CHROMATIC=true storybook dev -p 6001 public

storybook v9.0.15

You are currently using Storybook 9.0.15 but you have packages which are incompatible with it:

- @storybook/addon-svelte-csf@5.0.5 which depends on ^0.1.13

Please consider updating your packages or contacting the maintainers for compatibility details.

For more on Storybook 9 compatibility, see the linked GitHub issue:
https://github.com/storybookjs/storybook/issues/30944
(node:29242) [DEP0190] DeprecationWarning: Passing args to a child process with shell option true can lead to security vulnerabilities, as the arguments are not escaped, only concatenated.
(Use `node --trace-deprecation ...` to show where the warning was created)
Attention: Storybook now collects completely anonymous telemetry regarding usage. This information is used to shape Storybook's roadmap and prioritize features.
You can learn more, including how to opt-out if you'd not like to participate in this anonymous program, by visiting the following URL:
https://storybook.js.org/telemetry

info => Serving static files from ././static at /
info => Starting manager..
No story files found for the specified pattern: src/**/*.mdx
CSF Parsing error: Expected 'ObjectExpression' but found 'undefined' instead in 'Identifier'.
CSF Parsing error: Expected 'ObjectExpression' but found 'undefined' instead in 'Identifier'.
info => Starting preview..
The following Vite config options will be overridden by SvelteKit:
  - base
11:06:59 PM [vite] (client) Forced re-optimization of dependencies
╭─────────────────────────────────────────────────────────────────────╮
│                                                                     │
│   [38;2;162;224;94mStorybook 9.0.15 for sveltekit started[39m                            │
│   527 ms for manager and 1.33 s for preview                         │
│                                                                     │
│   Local:            http://localhost:6001/                          │
│   On your network:  http://192.168.1.189:6001/                      │
│                                                                     │
│   [38;2;243;173;56mA new version (10.1.11) is available![39m                             │
│                                                                     │
│   Upgrade now: [38;2;162;224;94mnpx storybook@latest upgrade[39m                         │
│                                                                     │
│   Read full changelog:                                              │
│   https://github.com/storybookjs/storybook/blob/main/CHANGELOG.md   │
│                                                                     │
╰─────────────────────────────────────────────────────────────────────╯
CSF Parsing error: Expected 'ObjectExpression' but found 'undefined' instead in 'Identifier'.
CSF Parsing error: Expected 'ObjectExpression' but found 'undefined' instead in 'Identifier'.
